<?xml version="1.0" encoding="UTF-8"?>
<TestRun id="fe3e40cc-1194-48b0-b57e-b33ee04288ce" name="Blah@BLAH-PC 2012-09-22 01:01:15" runUser="Blah-PC\Blah" xmlns="http://microsoft.com/schemas/VisualStudio/TeamTest/2010">
  <TestSettings name="Default Test Settings" id="a8d26a2b-08e6-4563-83e4-b37ef34e500a">
    <Deployment runDeploymentRoot="Blah_BLAH-PC 2012-09-22 01_01_15">
      <DeploymentItem filename="e:\docs\visual studio 2010\Projects\PowerLog\packages\Microsoft.Net.Http.2.0.20710.0\lib\net40\System.Net.Http.dll" />
      <DeploymentItem filename="e:\docs\visual studio 2010\Projects\PowerLog\packages\Microsoft.Net.Http.2.0.20710.0\lib\net40\System.Net.Http.WebRequest.dll" />
      <DeploymentItem filename="e:\docs\visual studio 2010\Projects\PowerLog\packages\Microsoft.AspNet.WebPages.2.0.20710.0\lib\net40\System.Web.WebPages.Razor.dll" />
      <DeploymentItem filename="e:\docs\visual studio 2010\Projects\PowerLog\packages\Microsoft.AspNet.Mvc.4.0.20710.0\lib\net40\System.Web.Mvc.dll" />
      <DeploymentItem filename="e:\docs\visual studio 2010\Projects\PowerLog\packages\Microsoft.AspNet.WebPages.2.0.20710.0\lib\net40\System.Web.Helpers.dll" />
      <DeploymentItem filename="e:\docs\visual studio 2010\Projects\PowerLog\packages\Newtonsoft.Json.4.5.6\lib\net40\Newtonsoft.Json.dll" />
      <DeploymentItem filename="e:\docs\visual studio 2010\Projects\PowerLog\packages\Microsoft.AspNet.WebPages.2.0.20710.0\lib\net40\System.Web.WebPages.Deployment.dll" />
      <DeploymentItem filename="e:\docs\visual studio 2010\Projects\PowerLog\packages\Microsoft.AspNet.Razor.2.0.20710.0\lib\net40\System.Web.Razor.dll" />
      <DeploymentItem filename="e:\docs\visual studio 2010\Projects\PowerLog\packages\Microsoft.AspNet.WebApi.Core.4.0.20710.0\lib\net40\System.Web.Http.dll" />
      <DeploymentItem filename="e:\docs\visual studio 2010\Projects\PowerLog\packages\Microsoft.AspNet.WebApi.Client.4.0.20710.0\lib\net40\System.Net.Http.Formatting.dll" />
      <DeploymentItem filename="e:\docs\visual studio 2010\Projects\PowerLog\packages\Microsoft.Web.Infrastructure.1.0.0.0\lib\net40\Microsoft.Web.Infrastructure.dll" />
      <DeploymentItem filename="e:\docs\visual studio 2010\Projects\PowerLog\packages\Microsoft.AspNet.WebApi.WebHost.4.0.20710.0\lib\net40\System.Web.Http.WebHost.dll" />
      <DeploymentItem filename="e:\docs\visual studio 2010\Projects\PowerLog\packages\Microsoft.AspNet.WebPages.2.0.20710.0\lib\net40\System.Web.WebPages.dll" />
      <DeploymentItem filename="e:\docs\visual studio 2010\Projects\PowerLog\PowerLog\bin\PowerLog.dll" />
    </Deployment>
    <Execution>
      <TestTypeSpecific />
      <AgentRule name="Execution Agents">
      </AgentRule>
    </Execution>
  </TestSettings>
  <Times creation="2012-09-22T01:01:15.5915454+02:00" queuing="2012-09-22T01:01:16.1365766+02:00" start="2012-09-22T01:01:16.1445771+02:00" finish="2012-09-22T01:01:16.4375938+02:00" />
  <ResultSummary outcome="Warning">
    <Counters total="3" executed="3" passed="3" error="0" failed="0" timeout="0" aborted="0" inconclusive="0" passedButRunAborted="0" notRunnable="0" notExecuted="0" disconnected="0" warning="0" completed="0" inProgress="0" pending="0" />
    <RunInfos>
      <RunInfo computerName="BLAH-PC" outcome="Warning" timestamp="2012-09-22T01:01:16.1355766+02:00">
        <Text>Warning: Test Run deployment issue: The assembly or module 'log4net' directly or indirectly referenced by the test container 'e:\docs\visual studio 2010\projects\powerlog\powerlog.tests\bin\debug\powerlog.tests.dll' was not found.</Text>
      </RunInfo>
      <RunInfo computerName="BLAH-PC" outcome="Warning" timestamp="2012-09-22T01:01:16.1355766+02:00">
        <Text>Warning: Test Run deployment issue: The assembly or module 'Org.Mentalis.Security.Cryptography' directly or indirectly referenced by the test container 'e:\docs\visual studio 2010\projects\powerlog\powerlog.tests\bin\debug\powerlog.tests.dll' was not found.</Text>
      </RunInfo>
    </RunInfos>
  </ResultSummary>
  <TestDefinitions>
    <UnitTest name="Index" storage="e:\docs\visual studio 2010\projects\powerlog\powerlog.tests\bin\debug\powerlog.tests.dll" id="7c086ecb-9fcf-baec-9b07-10bed2f20f77">
      <Execution id="11044f3b-7a0e-49b6-a71f-38972376f5cd" />
      <TestMethod codeBase="e:/docs/visual studio 2010/Projects/PowerLog/PowerLog.Tests/bin/Debug/PowerLog.Tests.DLL" adapterTypeName="Microsoft.VisualStudio.TestTools.TestTypes.Unit.UnitTestAdapter, Microsoft.VisualStudio.QualityTools.Tips.UnitTest.Adapter, Version=10.0.0.0, Culture=neutral, PublicKeyToken=b03f5f7f11d50a3a" className="PowerLog.Tests.Controllers.HomeControllerTest, PowerLog.Tests, Version=1.0.0.0, Culture=neutral, PublicKeyToken=null" name="Index" />
    </UnitTest>
    <UnitTest name="About" storage="e:\docs\visual studio 2010\projects\powerlog\powerlog.tests\bin\debug\powerlog.tests.dll" id="e71381ed-e577-9a90-0b4b-9d0f7acfb79d">
      <Execution id="81412a8f-57fa-4443-ab66-0e3ab0746813" />
      <TestMethod codeBase="e:/docs/visual studio 2010/Projects/PowerLog/PowerLog.Tests/bin/Debug/PowerLog.Tests.DLL" adapterTypeName="Microsoft.VisualStudio.TestTools.TestTypes.Unit.UnitTestAdapter, Microsoft.VisualStudio.QualityTools.Tips.UnitTest.Adapter, Version=10.0.0.0, Culture=neutral, PublicKeyToken=b03f5f7f11d50a3a" className="PowerLog.Tests.Controllers.HomeControllerTest, PowerLog.Tests, Version=1.0.0.0, Culture=neutral, PublicKeyToken=null" name="About" />
    </UnitTest>
    <UnitTest name="Contact" storage="e:\docs\visual studio 2010\projects\powerlog\powerlog.tests\bin\debug\powerlog.tests.dll" id="fd8d3d3a-6ad9-bf94-15f4-c9747a377dec">
      <Execution id="f56c3485-6b3e-46a5-9f21-32fd5a3e25de" />
      <TestMethod codeBase="e:/docs/visual studio 2010/Projects/PowerLog/PowerLog.Tests/bin/Debug/PowerLog.Tests.DLL" adapterTypeName="Microsoft.VisualStudio.TestTools.TestTypes.Unit.UnitTestAdapter, Microsoft.VisualStudio.QualityTools.Tips.UnitTest.Adapter, Version=10.0.0.0, Culture=neutral, PublicKeyToken=b03f5f7f11d50a3a" className="PowerLog.Tests.Controllers.HomeControllerTest, PowerLog.Tests, Version=1.0.0.0, Culture=neutral, PublicKeyToken=null" name="Contact" />
    </UnitTest>
  </TestDefinitions>
  <TestLists>
    <TestList name="Results Not in a List" id="8c84fa94-04c1-424b-9868-57a2d4851a1d" />
    <TestList name="All Loaded Results" id="19431567-8539-422a-85d7-44ee4e166bda" />
  </TestLists>
  <TestEntries>
    <TestEntry testId="7c086ecb-9fcf-baec-9b07-10bed2f20f77" executionId="11044f3b-7a0e-49b6-a71f-38972376f5cd" testListId="8c84fa94-04c1-424b-9868-57a2d4851a1d" />
    <TestEntry testId="e71381ed-e577-9a90-0b4b-9d0f7acfb79d" executionId="81412a8f-57fa-4443-ab66-0e3ab0746813" testListId="8c84fa94-04c1-424b-9868-57a2d4851a1d" />
    <TestEntry testId="fd8d3d3a-6ad9-bf94-15f4-c9747a377dec" executionId="f56c3485-6b3e-46a5-9f21-32fd5a3e25de" testListId="8c84fa94-04c1-424b-9868-57a2d4851a1d" />
  </TestEntries>
  <Results>
    <UnitTestResult executionId="11044f3b-7a0e-49b6-a71f-38972376f5cd" testId="7c086ecb-9fcf-baec-9b07-10bed2f20f77" testName="Index" computerName="BLAH-PC" duration="00:00:00.0390736" startTime="2012-09-22T01:01:16.1615780+02:00" endTime="2012-09-22T01:01:16.4085922+02:00" testType="13cdc9d9-ddb5-4fa4-a97d-d965ccfc6d4b" outcome="Passed" testListId="8c84fa94-04c1-424b-9868-57a2d4851a1d" relativeResultsDirectory="11044f3b-7a0e-49b6-a71f-38972376f5cd">
    </UnitTestResult>
    <UnitTestResult executionId="81412a8f-57fa-4443-ab66-0e3ab0746813" testId="e71381ed-e577-9a90-0b4b-9d0f7acfb79d" testName="About" computerName="BLAH-PC" duration="00:00:00.0013336" startTime="2012-09-22T01:01:16.4105923+02:00" endTime="2012-09-22T01:01:16.4195928+02:00" testType="13cdc9d9-ddb5-4fa4-a97d-d965ccfc6d4b" outcome="Passed" testListId="8c84fa94-04c1-424b-9868-57a2d4851a1d" relativeResultsDirectory="81412a8f-57fa-4443-ab66-0e3ab0746813">
    </UnitTestResult>
    <UnitTestResult executionId="f56c3485-6b3e-46a5-9f21-32fd5a3e25de" testId="fd8d3d3a-6ad9-bf94-15f4-c9747a377dec" testName="Contact" computerName="BLAH-PC" duration="00:00:00.0012493" startTime="2012-09-22T01:01:16.4215929+02:00" endTime="2012-09-22T01:01:16.4245931+02:00" testType="13cdc9d9-ddb5-4fa4-a97d-d965ccfc6d4b" outcome="Passed" testListId="8c84fa94-04c1-424b-9868-57a2d4851a1d" relativeResultsDirectory="f56c3485-6b3e-46a5-9f21-32fd5a3e25de">
    </UnitTestResult>
  </Results>
</TestRun>