<?xml version="1.0" encoding="UTF-8"?>
<TestRun id="52afcbc8-28bf-4d39-b05a-eacf64b775af" name="Blah@BLAH-PC 2012-09-22 23:22:43" runUser="Blah-PC\Blah" xmlns="http://microsoft.com/schemas/VisualStudio/TeamTest/2010">
  <TestSettings name="Default Test Settings" id="1b13aeec-a96b-4daf-b859-e0e8da495df6">
    <Deployment runDeploymentRoot="Blah_BLAH-PC 2012-09-22 23_22_43">
      <DeploymentItem filename="e:\docs\visual studio 2010\Projects\PowerLog\packages\Microsoft.Net.Http.2.0.20710.0\lib\net40\System.Net.Http.dll" />
      <DeploymentItem filename="e:\docs\visual studio 2010\Projects\PowerLog\packages\Microsoft.Net.Http.2.0.20710.0\lib\net40\System.Net.Http.WebRequest.dll" />
      <DeploymentItem filename="e:\docs\visual studio 2010\Projects\PowerLog\packages\Microsoft.AspNet.WebPages.2.0.20710.0\lib\net40\System.Web.WebPages.Razor.dll" />
      <DeploymentItem filename="e:\docs\visual studio 2010\Projects\PowerLog\packages\Microsoft.AspNet.Mvc.4.0.20710.0\lib\net40\System.Web.Mvc.dll" />
      <DeploymentItem filename="e:\docs\visual studio 2010\Projects\PowerLog\packages\Microsoft.AspNet.WebPages.2.0.20710.0\lib\net40\System.Web.Helpers.dll" />
      <DeploymentItem filename="e:\docs\visual studio 2010\Projects\PowerLog\packages\Newtonsoft.Json.4.5.6\lib\net40\Newtonsoft.Json.dll" />
      <DeploymentItem filename="e:\docs\visual studio 2010\Projects\PowerLog\packages\Microsoft.AspNet.WebPages.2.0.20710.0\lib\net40\System.Web.WebPages.Deployment.dll" />
      <DeploymentItem filename="e:\docs\visual studio 2010\Projects\PowerLog\packages\Microsoft.AspNet.Razor.2.0.20710.0\lib\net40\System.Web.Razor.dll" />
      <DeploymentItem filename="e:\docs\visual studio 2010\Projects\PowerLog\PowerLog.Parser\bin\Debug\PowerLog.Parser.dll" />
      <DeploymentItem filename="e:\docs\visual studio 2010\Projects\PowerLog\packages\Microsoft.AspNet.WebApi.Core.4.0.20710.0\lib\net40\System.Web.Http.dll" />
      <DeploymentItem filename="e:\docs\visual studio 2010\Projects\PowerLog\packages\Microsoft.AspNet.WebApi.Client.4.0.20710.0\lib\net40\System.Net.Http.Formatting.dll" />
      <DeploymentItem filename="e:\docs\visual studio 2010\Projects\PowerLog\packages\Microsoft.Web.Infrastructure.1.0.0.0\lib\net40\Microsoft.Web.Infrastructure.dll" />
      <DeploymentItem filename="e:\docs\visual studio 2010\Projects\PowerLog\packages\Microsoft.AspNet.WebApi.WebHost.4.0.20710.0\lib\net40\System.Web.Http.WebHost.dll" />
      <DeploymentItem filename="e:\docs\visual studio 2010\Projects\PowerLog\packages\Sprache.1.10.0.11\lib\net40\Sprache.dll" />
      <DeploymentItem filename="e:\docs\visual studio 2010\Projects\PowerLog\packages\Microsoft.AspNet.WebPages.2.0.20710.0\lib\net40\System.Web.WebPages.dll" />
      <DeploymentItem filename="e:\docs\visual studio 2010\Projects\PowerLog\PowerLog\bin\PowerLog.dll" />
    </Deployment>
    <Execution>
      <TestTypeSpecific />
      <AgentRule name="Execution Agents">
      </AgentRule>
    </Execution>
  </TestSettings>
  <Times creation="2012-09-22T23:22:43.3521820+02:00" queuing="2012-09-22T23:22:49.8005508+02:00" start="2012-09-22T23:22:50.0125630+02:00" finish="2012-09-22T23:22:51.6056541+02:00" />
  <ResultSummary outcome="Warning">
    <Counters total="5" executed="5" passed="5" error="0" failed="0" timeout="0" aborted="0" inconclusive="0" passedButRunAborted="0" notRunnable="0" notExecuted="0" disconnected="0" warning="0" completed="0" inProgress="0" pending="0" />
    <RunInfos>
      <RunInfo computerName="BLAH-PC" outcome="Warning" timestamp="2012-09-22T23:22:49.7505480+02:00">
        <Text>Warning: Test Run deployment issue: The assembly or module 'log4net' directly or indirectly referenced by the test container 'e:\docs\visual studio 2010\projects\powerlog\powerlog.tests\bin\debug\powerlog.tests.dll' was not found.</Text>
      </RunInfo>
      <RunInfo computerName="BLAH-PC" outcome="Warning" timestamp="2012-09-22T23:22:49.7505480+02:00">
        <Text>Warning: Test Run deployment issue: The assembly or module 'Org.Mentalis.Security.Cryptography' directly or indirectly referenced by the test container 'e:\docs\visual studio 2010\projects\powerlog\powerlog.tests\bin\debug\powerlog.tests.dll' was not found.</Text>
      </RunInfo>
    </RunInfos>
  </ResultSummary>
  <TestDefinitions>
    <UnitTest name="FailToParseAThreeDigitNumberBecauseItIsTooShort" storage="e:\docs\visual studio 2010\projects\powerlog\powerlog.tests\bin\debug\powerlog.tests.dll" id="52aaff38-a18c-90b2-65f1-42aa1b20c0c0">
      <Execution id="f363fcb6-9937-459b-89f0-a5cca535f081" />
      <TestMethod codeBase="e:/docs/visual studio 2010/Projects/PowerLog/PowerLog.Tests/bin/Debug/PowerLog.Tests.DLL" adapterTypeName="Microsoft.VisualStudio.TestTools.TestTypes.Unit.UnitTestAdapter, Microsoft.VisualStudio.QualityTools.Tips.UnitTest.Adapter, Version=10.0.0.0, Culture=neutral, PublicKeyToken=b03f5f7f11d50a3a" className="PowerLog.Tests.Parsers.PowerParserTest, PowerLog.Tests, Version=1.0.0.0, Culture=neutral, PublicKeyToken=null" name="FailToParseAThreeDigitNumberBecauseItIsTooShort" />
    </UnitTest>
    <UnitTest name="ParseJustThreeNumbersOutOfMore" storage="e:\docs\visual studio 2010\projects\powerlog\powerlog.tests\bin\debug\powerlog.tests.dll" id="91c82c70-2430-6cd9-bf25-5615175748a6">
      <Execution id="a008fc8e-d34a-487c-9b18-36dda9ea4ac3" />
      <TestMethod codeBase="e:/docs/visual studio 2010/Projects/PowerLog/PowerLog.Tests/bin/Debug/PowerLog.Tests.DLL" adapterTypeName="Microsoft.VisualStudio.TestTools.TestTypes.Unit.UnitTestAdapter, Microsoft.VisualStudio.QualityTools.Tips.UnitTest.Adapter, Version=10.0.0.0, Culture=neutral, PublicKeyToken=b03f5f7f11d50a3a" className="PowerLog.Tests.Parsers.PowerParserTest, PowerLog.Tests, Version=1.0.0.0, Culture=neutral, PublicKeyToken=null" name="ParseJustThreeNumbersOutOfMore" />
    </UnitTest>
    <UnitTest name="FailToParseANumberBecauseItHasTextInIt" storage="e:\docs\visual studio 2010\projects\powerlog\powerlog.tests\bin\debug\powerlog.tests.dll" id="dd3dbfd6-f370-db1d-d101-cc5f776d91ed">
      <Execution id="d8a1f276-01a7-45d3-bb1d-fe1211b0b587" />
      <TestMethod codeBase="e:/docs/visual studio 2010/Projects/PowerLog/PowerLog.Tests/bin/Debug/PowerLog.Tests.DLL" adapterTypeName="Microsoft.VisualStudio.TestTools.TestTypes.Unit.UnitTestAdapter, Microsoft.VisualStudio.QualityTools.Tips.UnitTest.Adapter, Version=10.0.0.0, Culture=neutral, PublicKeyToken=b03f5f7f11d50a3a" className="PowerLog.Tests.Parsers.PowerParserTest, PowerLog.Tests, Version=1.0.0.0, Culture=neutral, PublicKeyToken=null" name="FailToParseANumberBecauseItHasTextInIt" />
    </UnitTest>
    <UnitTest name="ParseJustThreeNumbers" storage="e:\docs\visual studio 2010\projects\powerlog\powerlog.tests\bin\debug\powerlog.tests.dll" id="2e4e81e3-e0ba-f6b5-07a1-243a351f05bf">
      <Execution id="e90a4686-2398-430c-b6b8-e69c7ccc8784" />
      <TestMethod codeBase="e:/docs/visual studio 2010/Projects/PowerLog/PowerLog.Tests/bin/Debug/PowerLog.Tests.DLL" adapterTypeName="Microsoft.VisualStudio.TestTools.TestTypes.Unit.UnitTestAdapter, Microsoft.VisualStudio.QualityTools.Tips.UnitTest.Adapter, Version=10.0.0.0, Culture=neutral, PublicKeyToken=b03f5f7f11d50a3a" className="PowerLog.Tests.Parsers.PowerParserTest, PowerLog.Tests, Version=1.0.0.0, Culture=neutral, PublicKeyToken=null" name="ParseJustThreeNumbers" />
    </UnitTest>
    <UnitTest name="ParseANumber" storage="e:\docs\visual studio 2010\projects\powerlog\powerlog.tests\bin\debug\powerlog.tests.dll" id="cdd151bf-5f3c-b20b-8345-e05f1cbf170d">
      <Execution id="506349cc-ef48-4ee0-a643-d5d30d25bc77" />
      <TestMethod codeBase="e:/docs/visual studio 2010/Projects/PowerLog/PowerLog.Tests/bin/Debug/PowerLog.Tests.DLL" adapterTypeName="Microsoft.VisualStudio.TestTools.TestTypes.Unit.UnitTestAdapter, Microsoft.VisualStudio.QualityTools.Tips.UnitTest.Adapter, Version=10.0.0.0, Culture=neutral, PublicKeyToken=b03f5f7f11d50a3a" className="PowerLog.Tests.Parsers.PowerParserTest, PowerLog.Tests, Version=1.0.0.0, Culture=neutral, PublicKeyToken=null" name="ParseANumber" />
    </UnitTest>
  </TestDefinitions>
  <TestLists>
    <TestList name="Results Not in a List" id="8c84fa94-04c1-424b-9868-57a2d4851a1d" />
    <TestList name="All Loaded Results" id="19431567-8539-422a-85d7-44ee4e166bda" />
  </TestLists>
  <TestEntries>
    <TestEntry testId="2e4e81e3-e0ba-f6b5-07a1-243a351f05bf" executionId="e90a4686-2398-430c-b6b8-e69c7ccc8784" testListId="8c84fa94-04c1-424b-9868-57a2d4851a1d" />
    <TestEntry testId="52aaff38-a18c-90b2-65f1-42aa1b20c0c0" executionId="f363fcb6-9937-459b-89f0-a5cca535f081" testListId="8c84fa94-04c1-424b-9868-57a2d4851a1d" />
    <TestEntry testId="91c82c70-2430-6cd9-bf25-5615175748a6" executionId="a008fc8e-d34a-487c-9b18-36dda9ea4ac3" testListId="8c84fa94-04c1-424b-9868-57a2d4851a1d" />
    <TestEntry testId="cdd151bf-5f3c-b20b-8345-e05f1cbf170d" executionId="506349cc-ef48-4ee0-a643-d5d30d25bc77" testListId="8c84fa94-04c1-424b-9868-57a2d4851a1d" />
    <TestEntry testId="dd3dbfd6-f370-db1d-d101-cc5f776d91ed" executionId="d8a1f276-01a7-45d3-bb1d-fe1211b0b587" testListId="8c84fa94-04c1-424b-9868-57a2d4851a1d" />
  </TestEntries>
  <Results>
    <UnitTestResult executionId="e90a4686-2398-430c-b6b8-e69c7ccc8784" testId="2e4e81e3-e0ba-f6b5-07a1-243a351f05bf" testName="ParseJustThreeNumbers" computerName="BLAH-PC" duration="00:00:00.0624548" startTime="2012-09-22T23:22:50.4755895+02:00" endTime="2012-09-22T23:22:51.3046369+02:00" testType="13cdc9d9-ddb5-4fa4-a97d-d965ccfc6d4b" outcome="Passed" testListId="8c84fa94-04c1-424b-9868-57a2d4851a1d" relativeResultsDirectory="e90a4686-2398-430c-b6b8-e69c7ccc8784">
    </UnitTestResult>
    <UnitTestResult executionId="f363fcb6-9937-459b-89f0-a5cca535f081" testId="52aaff38-a18c-90b2-65f1-42aa1b20c0c0" testName="FailToParseAThreeDigitNumberBecauseItIsTooShort" computerName="BLAH-PC" duration="00:00:00.0076237" startTime="2012-09-22T23:22:51.3176376+02:00" endTime="2012-09-22T23:22:51.3456392+02:00" testType="13cdc9d9-ddb5-4fa4-a97d-d965ccfc6d4b" outcome="Passed" testListId="8c84fa94-04c1-424b-9868-57a2d4851a1d" relativeResultsDirectory="f363fcb6-9937-459b-89f0-a5cca535f081">
    </UnitTestResult>
    <UnitTestResult executionId="a008fc8e-d34a-487c-9b18-36dda9ea4ac3" testId="91c82c70-2430-6cd9-bf25-5615175748a6" testName="ParseJustThreeNumbersOutOfMore" computerName="BLAH-PC" duration="00:00:00.0131507" startTime="2012-09-22T23:22:51.3496394+02:00" endTime="2012-09-22T23:22:51.3796412+02:00" testType="13cdc9d9-ddb5-4fa4-a97d-d965ccfc6d4b" outcome="Passed" testListId="8c84fa94-04c1-424b-9868-57a2d4851a1d" relativeResultsDirectory="a008fc8e-d34a-487c-9b18-36dda9ea4ac3">
    </UnitTestResult>
    <UnitTestResult executionId="506349cc-ef48-4ee0-a643-d5d30d25bc77" testId="cdd151bf-5f3c-b20b-8345-e05f1cbf170d" testName="ParseANumber" computerName="BLAH-PC" duration="00:00:00.0682775" startTime="2012-09-22T23:22:51.3966421+02:00" endTime="2012-09-22T23:22:51.4836471+02:00" testType="13cdc9d9-ddb5-4fa4-a97d-d965ccfc6d4b" outcome="Passed" testListId="8c84fa94-04c1-424b-9868-57a2d4851a1d" relativeResultsDirectory="506349cc-ef48-4ee0-a643-d5d30d25bc77">
    </UnitTestResult>
    <UnitTestResult executionId="d8a1f276-01a7-45d3-bb1d-fe1211b0b587" testId="dd3dbfd6-f370-db1d-d101-cc5f776d91ed" testName="FailToParseANumberBecauseItHasTextInIt" computerName="BLAH-PC" duration="00:00:00.0008303" startTime="2012-09-22T23:22:51.4996480+02:00" endTime="2012-09-22T23:22:51.5106487+02:00" testType="13cdc9d9-ddb5-4fa4-a97d-d965ccfc6d4b" outcome="Passed" testListId="8c84fa94-04c1-424b-9868-57a2d4851a1d" relativeResultsDirectory="d8a1f276-01a7-45d3-bb1d-fe1211b0b587">
    </UnitTestResult>
  </Results>
</TestRun>