<?xml version="1.0" encoding="UTF-8"?>
<TestRun id="e1aa092b-9d13-4aa1-9ff8-4e4e358e1fb0" name="Blah@BLAH-PC 2012-09-22 01:24:30" runUser="Blah-PC\Blah" xmlns="http://microsoft.com/schemas/VisualStudio/TeamTest/2010">
  <TestSettings name="Default Test Settings" id="83f9f1c7-0103-4ce6-91ba-4a48f989d178">
    <Deployment runDeploymentRoot="Blah_BLAH-PC 2012-09-22 01_24_30">
      <DeploymentItem filename="e:\docs\visual studio 2010\Projects\PowerLog\packages\Microsoft.Net.Http.2.0.20710.0\lib\net40\System.Net.Http.dll" />
      <DeploymentItem filename="e:\docs\visual studio 2010\Projects\PowerLog\packages\Microsoft.Net.Http.2.0.20710.0\lib\net40\System.Net.Http.WebRequest.dll" />
      <DeploymentItem filename="e:\docs\visual studio 2010\Projects\PowerLog\packages\Microsoft.AspNet.WebPages.2.0.20710.0\lib\net40\System.Web.WebPages.Razor.dll" />
      <DeploymentItem filename="e:\docs\visual studio 2010\Projects\PowerLog\packages\Microsoft.AspNet.Mvc.4.0.20710.0\lib\net40\System.Web.Mvc.dll" />
      <DeploymentItem filename="e:\docs\visual studio 2010\Projects\PowerLog\packages\Microsoft.AspNet.WebPages.2.0.20710.0\lib\net40\System.Web.Helpers.dll" />
      <DeploymentItem filename="e:\docs\visual studio 2010\Projects\PowerLog\packages\Newtonsoft.Json.4.5.6\lib\net40\Newtonsoft.Json.dll" />
      <DeploymentItem filename="e:\docs\visual studio 2010\Projects\PowerLog\packages\Microsoft.AspNet.WebPages.2.0.20710.0\lib\net40\System.Web.WebPages.Deployment.dll" />
      <DeploymentItem filename="e:\docs\visual studio 2010\Projects\PowerLog\packages\Microsoft.AspNet.Razor.2.0.20710.0\lib\net40\System.Web.Razor.dll" />
      <DeploymentItem filename="e:\docs\visual studio 2010\Projects\PowerLog\packages\Microsoft.AspNet.WebApi.Core.4.0.20710.0\lib\net40\System.Web.Http.dll" />
      <DeploymentItem filename="e:\docs\visual studio 2010\Projects\PowerLog\packages\Microsoft.AspNet.WebApi.Client.4.0.20710.0\lib\net40\System.Net.Http.Formatting.dll" />
      <DeploymentItem filename="e:\docs\visual studio 2010\Projects\PowerLog\packages\Microsoft.Web.Infrastructure.1.0.0.0\lib\net40\Microsoft.Web.Infrastructure.dll" />
      <DeploymentItem filename="e:\docs\visual studio 2010\Projects\PowerLog\packages\Microsoft.AspNet.WebApi.WebHost.4.0.20710.0\lib\net40\System.Web.Http.WebHost.dll" />
      <DeploymentItem filename="e:\docs\visual studio 2010\Projects\PowerLog\packages\Sprache.1.10.0.11\lib\net40\Sprache.dll" />
      <DeploymentItem filename="e:\docs\visual studio 2010\Projects\PowerLog\packages\Microsoft.AspNet.WebPages.2.0.20710.0\lib\net40\System.Web.WebPages.dll" />
      <DeploymentItem filename="e:\docs\visual studio 2010\Projects\PowerLog\PowerLog\bin\PowerLog.dll" />
    </Deployment>
    <Execution>
      <TestTypeSpecific />
      <AgentRule name="Execution Agents">
      </AgentRule>
    </Execution>
  </TestSettings>
  <Times creation="2012-09-22T01:24:30.3053185+02:00" queuing="2012-09-22T01:24:30.9593559+02:00" start="2012-09-22T01:24:31.0213595+02:00" finish="2012-09-22T01:24:31.9124104+02:00" />
  <ResultSummary outcome="Warning">
    <Counters total="8" executed="8" passed="8" error="0" failed="0" timeout="0" aborted="0" inconclusive="0" passedButRunAborted="0" notRunnable="0" notExecuted="0" disconnected="0" warning="0" completed="0" inProgress="0" pending="0" />
    <RunInfos>
      <RunInfo computerName="BLAH-PC" outcome="Warning" timestamp="2012-09-22T01:24:30.9453551+02:00">
        <Text>Warning: Test Run deployment issue: The assembly or module 'log4net' directly or indirectly referenced by the test container 'e:\docs\visual studio 2010\projects\powerlog\powerlog.tests\bin\debug\powerlog.tests.dll' was not found.</Text>
      </RunInfo>
      <RunInfo computerName="BLAH-PC" outcome="Warning" timestamp="2012-09-22T01:24:30.9453551+02:00">
        <Text>Warning: Test Run deployment issue: The assembly or module 'Org.Mentalis.Security.Cryptography' directly or indirectly referenced by the test container 'e:\docs\visual studio 2010\projects\powerlog\powerlog.tests\bin\debug\powerlog.tests.dll' was not found.</Text>
      </RunInfo>
    </RunInfos>
  </ResultSummary>
  <TestDefinitions>
    <UnitTest name="Contact" storage="e:\docs\visual studio 2010\projects\powerlog\powerlog.tests\bin\debug\powerlog.tests.dll" id="fd8d3d3a-6ad9-bf94-15f4-c9747a377dec">
      <Execution id="a186434f-6e71-4e2c-8ec4-cc187f1286f5" />
      <TestMethod codeBase="e:/docs/visual studio 2010/Projects/PowerLog/PowerLog.Tests/bin/Debug/PowerLog.Tests.DLL" adapterTypeName="Microsoft.VisualStudio.TestTools.TestTypes.Unit.UnitTestAdapter, Microsoft.VisualStudio.QualityTools.Tips.UnitTest.Adapter, Version=10.0.0.0, Culture=neutral, PublicKeyToken=b03f5f7f11d50a3a" className="PowerLog.Tests.Controllers.HomeControllerTest, PowerLog.Tests, Version=1.0.0.0, Culture=neutral, PublicKeyToken=null" name="Contact" />
    </UnitTest>
    <UnitTest name="ParseJustThreeNumbers" storage="e:\docs\visual studio 2010\projects\powerlog\powerlog.tests\bin\debug\powerlog.tests.dll" id="ce8f39f7-9852-869d-a58e-52467994baca">
      <Execution id="9630a56e-b76e-4fb2-ab7e-f2e4ab63ac17" />
      <TestMethod codeBase="e:/docs/visual studio 2010/Projects/PowerLog/PowerLog.Tests/bin/Debug/PowerLog.Tests.DLL" adapterTypeName="Microsoft.VisualStudio.TestTools.TestTypes.Unit.UnitTestAdapter, Microsoft.VisualStudio.QualityTools.Tips.UnitTest.Adapter, Version=10.0.0.0, Culture=neutral, PublicKeyToken=b03f5f7f11d50a3a" className="PowerLog.Tests.Controllers.HomeControllerTest, PowerLog.Tests, Version=1.0.0.0, Culture=neutral, PublicKeyToken=null" name="ParseJustThreeNumbers" />
    </UnitTest>
    <UnitTest name="ParseANumber" storage="e:\docs\visual studio 2010\projects\powerlog\powerlog.tests\bin\debug\powerlog.tests.dll" id="ef72c19a-a2e4-48e1-e8e8-66bae1370d63">
      <Execution id="b6296471-4972-4211-8086-efcb55e2efda" />
      <TestMethod codeBase="e:/docs/visual studio 2010/Projects/PowerLog/PowerLog.Tests/bin/Debug/PowerLog.Tests.DLL" adapterTypeName="Microsoft.VisualStudio.TestTools.TestTypes.Unit.UnitTestAdapter, Microsoft.VisualStudio.QualityTools.Tips.UnitTest.Adapter, Version=10.0.0.0, Culture=neutral, PublicKeyToken=b03f5f7f11d50a3a" className="PowerLog.Tests.Controllers.HomeControllerTest, PowerLog.Tests, Version=1.0.0.0, Culture=neutral, PublicKeyToken=null" name="ParseANumber" />
    </UnitTest>
    <UnitTest name="FailToParseANumberBecauseItHasTextInIt" storage="e:\docs\visual studio 2010\projects\powerlog\powerlog.tests\bin\debug\powerlog.tests.dll" id="65c61f92-4fc7-df62-c534-05c596602c18">
      <Execution id="10e04f66-bef2-4497-a2c3-dc28bf20b136" />
      <TestMethod codeBase="e:/docs/visual studio 2010/Projects/PowerLog/PowerLog.Tests/bin/Debug/PowerLog.Tests.DLL" adapterTypeName="Microsoft.VisualStudio.TestTools.TestTypes.Unit.UnitTestAdapter, Microsoft.VisualStudio.QualityTools.Tips.UnitTest.Adapter, Version=10.0.0.0, Culture=neutral, PublicKeyToken=b03f5f7f11d50a3a" className="PowerLog.Tests.Controllers.HomeControllerTest, PowerLog.Tests, Version=1.0.0.0, Culture=neutral, PublicKeyToken=null" name="FailToParseANumberBecauseItHasTextInIt" />
    </UnitTest>
    <UnitTest name="Index" storage="e:\docs\visual studio 2010\projects\powerlog\powerlog.tests\bin\debug\powerlog.tests.dll" id="7c086ecb-9fcf-baec-9b07-10bed2f20f77">
      <Execution id="a2f58786-e869-40d9-b2c0-f5eadf4d2c5a" />
      <TestMethod codeBase="e:/docs/visual studio 2010/Projects/PowerLog/PowerLog.Tests/bin/Debug/PowerLog.Tests.DLL" adapterTypeName="Microsoft.VisualStudio.TestTools.TestTypes.Unit.UnitTestAdapter, Microsoft.VisualStudio.QualityTools.Tips.UnitTest.Adapter, Version=10.0.0.0, Culture=neutral, PublicKeyToken=b03f5f7f11d50a3a" className="PowerLog.Tests.Controllers.HomeControllerTest, PowerLog.Tests, Version=1.0.0.0, Culture=neutral, PublicKeyToken=null" name="Index" />
    </UnitTest>
    <UnitTest name="About" storage="e:\docs\visual studio 2010\projects\powerlog\powerlog.tests\bin\debug\powerlog.tests.dll" id="e71381ed-e577-9a90-0b4b-9d0f7acfb79d">
      <Execution id="4b7eb4b3-f8a9-4d1c-836a-eadc144b3441" />
      <TestMethod codeBase="e:/docs/visual studio 2010/Projects/PowerLog/PowerLog.Tests/bin/Debug/PowerLog.Tests.DLL" adapterTypeName="Microsoft.VisualStudio.TestTools.TestTypes.Unit.UnitTestAdapter, Microsoft.VisualStudio.QualityTools.Tips.UnitTest.Adapter, Version=10.0.0.0, Culture=neutral, PublicKeyToken=b03f5f7f11d50a3a" className="PowerLog.Tests.Controllers.HomeControllerTest, PowerLog.Tests, Version=1.0.0.0, Culture=neutral, PublicKeyToken=null" name="About" />
    </UnitTest>
    <UnitTest name="ParseJustThreeNumbersOutOfMore" storage="e:\docs\visual studio 2010\projects\powerlog\powerlog.tests\bin\debug\powerlog.tests.dll" id="b0c41a07-dd28-b61f-e96d-bbecf156f1ea">
      <Execution id="43fc0a85-a228-4389-8493-5c34320bd209" />
      <TestMethod codeBase="e:/docs/visual studio 2010/Projects/PowerLog/PowerLog.Tests/bin/Debug/PowerLog.Tests.DLL" adapterTypeName="Microsoft.VisualStudio.TestTools.TestTypes.Unit.UnitTestAdapter, Microsoft.VisualStudio.QualityTools.Tips.UnitTest.Adapter, Version=10.0.0.0, Culture=neutral, PublicKeyToken=b03f5f7f11d50a3a" className="PowerLog.Tests.Controllers.HomeControllerTest, PowerLog.Tests, Version=1.0.0.0, Culture=neutral, PublicKeyToken=null" name="ParseJustThreeNumbersOutOfMore" />
    </UnitTest>
    <UnitTest name="FailToParseAThreeDigitNumberBecauseItIsTooShort" storage="e:\docs\visual studio 2010\projects\powerlog\powerlog.tests\bin\debug\powerlog.tests.dll" id="bc68eff4-5787-b747-582c-42bc80fac572">
      <Execution id="abeb2172-fd08-47ab-a63a-19a20cdf7a2d" />
      <TestMethod codeBase="e:/docs/visual studio 2010/Projects/PowerLog/PowerLog.Tests/bin/Debug/PowerLog.Tests.DLL" adapterTypeName="Microsoft.VisualStudio.TestTools.TestTypes.Unit.UnitTestAdapter, Microsoft.VisualStudio.QualityTools.Tips.UnitTest.Adapter, Version=10.0.0.0, Culture=neutral, PublicKeyToken=b03f5f7f11d50a3a" className="PowerLog.Tests.Controllers.HomeControllerTest, PowerLog.Tests, Version=1.0.0.0, Culture=neutral, PublicKeyToken=null" name="FailToParseAThreeDigitNumberBecauseItIsTooShort" />
    </UnitTest>
  </TestDefinitions>
  <TestLists>
    <TestList name="Results Not in a List" id="8c84fa94-04c1-424b-9868-57a2d4851a1d" />
    <TestList name="All Loaded Results" id="19431567-8539-422a-85d7-44ee4e166bda" />
  </TestLists>
  <TestEntries>
    <TestEntry testId="65c61f92-4fc7-df62-c534-05c596602c18" executionId="10e04f66-bef2-4497-a2c3-dc28bf20b136" testListId="8c84fa94-04c1-424b-9868-57a2d4851a1d" />
    <TestEntry testId="7c086ecb-9fcf-baec-9b07-10bed2f20f77" executionId="a2f58786-e869-40d9-b2c0-f5eadf4d2c5a" testListId="8c84fa94-04c1-424b-9868-57a2d4851a1d" />
    <TestEntry testId="b0c41a07-dd28-b61f-e96d-bbecf156f1ea" executionId="43fc0a85-a228-4389-8493-5c34320bd209" testListId="8c84fa94-04c1-424b-9868-57a2d4851a1d" />
    <TestEntry testId="bc68eff4-5787-b747-582c-42bc80fac572" executionId="abeb2172-fd08-47ab-a63a-19a20cdf7a2d" testListId="8c84fa94-04c1-424b-9868-57a2d4851a1d" />
    <TestEntry testId="ce8f39f7-9852-869d-a58e-52467994baca" executionId="9630a56e-b76e-4fb2-ab7e-f2e4ab63ac17" testListId="8c84fa94-04c1-424b-9868-57a2d4851a1d" />
    <TestEntry testId="e71381ed-e577-9a90-0b4b-9d0f7acfb79d" executionId="4b7eb4b3-f8a9-4d1c-836a-eadc144b3441" testListId="8c84fa94-04c1-424b-9868-57a2d4851a1d" />
    <TestEntry testId="ef72c19a-a2e4-48e1-e8e8-66bae1370d63" executionId="b6296471-4972-4211-8086-efcb55e2efda" testListId="8c84fa94-04c1-424b-9868-57a2d4851a1d" />
    <TestEntry testId="fd8d3d3a-6ad9-bf94-15f4-c9747a377dec" executionId="a186434f-6e71-4e2c-8ec4-cc187f1286f5" testListId="8c84fa94-04c1-424b-9868-57a2d4851a1d" />
  </TestEntries>
  <Results>
    <UnitTestResult executionId="10e04f66-bef2-4497-a2c3-dc28bf20b136" testId="65c61f92-4fc7-df62-c534-05c596602c18" testName="FailToParseANumberBecauseItHasTextInIt" computerName="BLAH-PC" duration="00:00:00.0415182" startTime="2012-09-22T01:24:31.0333601+02:00" endTime="2012-09-22T01:24:31.3383776+02:00" testType="13cdc9d9-ddb5-4fa4-a97d-d965ccfc6d4b" outcome="Passed" testListId="8c84fa94-04c1-424b-9868-57a2d4851a1d" relativeResultsDirectory="10e04f66-bef2-4497-a2c3-dc28bf20b136">
    </UnitTestResult>
    <UnitTestResult executionId="a2f58786-e869-40d9-b2c0-f5eadf4d2c5a" testId="7c086ecb-9fcf-baec-9b07-10bed2f20f77" testName="Index" computerName="BLAH-PC" duration="00:00:00.2167010" startTime="2012-09-22T01:24:31.3403777+02:00" endTime="2012-09-22T01:24:31.5593902+02:00" testType="13cdc9d9-ddb5-4fa4-a97d-d965ccfc6d4b" outcome="Passed" testListId="8c84fa94-04c1-424b-9868-57a2d4851a1d" relativeResultsDirectory="a2f58786-e869-40d9-b2c0-f5eadf4d2c5a">
    </UnitTestResult>
    <UnitTestResult executionId="43fc0a85-a228-4389-8493-5c34320bd209" testId="b0c41a07-dd28-b61f-e96d-bbecf156f1ea" testName="ParseJustThreeNumbersOutOfMore" computerName="BLAH-PC" duration="00:00:00.0051409" startTime="2012-09-22T01:24:31.5613903+02:00" endTime="2012-09-22T01:24:31.5683907+02:00" testType="13cdc9d9-ddb5-4fa4-a97d-d965ccfc6d4b" outcome="Passed" testListId="8c84fa94-04c1-424b-9868-57a2d4851a1d" relativeResultsDirectory="43fc0a85-a228-4389-8493-5c34320bd209">
    </UnitTestResult>
    <UnitTestResult executionId="abeb2172-fd08-47ab-a63a-19a20cdf7a2d" testId="bc68eff4-5787-b747-582c-42bc80fac572" testName="FailToParseAThreeDigitNumberBecauseItIsTooShort" computerName="BLAH-PC" duration="00:00:00.0003563" startTime="2012-09-22T01:24:31.5693908+02:00" endTime="2012-09-22T01:24:31.5823915+02:00" testType="13cdc9d9-ddb5-4fa4-a97d-d965ccfc6d4b" outcome="Passed" testListId="8c84fa94-04c1-424b-9868-57a2d4851a1d" relativeResultsDirectory="abeb2172-fd08-47ab-a63a-19a20cdf7a2d">
    </UnitTestResult>
    <UnitTestResult executionId="9630a56e-b76e-4fb2-ab7e-f2e4ab63ac17" testId="ce8f39f7-9852-869d-a58e-52467994baca" testName="ParseJustThreeNumbers" computerName="BLAH-PC" duration="00:00:00.0001986" startTime="2012-09-22T01:24:31.5833916+02:00" endTime="2012-09-22T01:24:31.5863918+02:00" testType="13cdc9d9-ddb5-4fa4-a97d-d965ccfc6d4b" outcome="Passed" testListId="8c84fa94-04c1-424b-9868-57a2d4851a1d" relativeResultsDirectory="9630a56e-b76e-4fb2-ab7e-f2e4ab63ac17">
    </UnitTestResult>
    <UnitTestResult executionId="4b7eb4b3-f8a9-4d1c-836a-eadc144b3441" testId="e71381ed-e577-9a90-0b4b-9d0f7acfb79d" testName="About" computerName="BLAH-PC" duration="00:00:00.0013214" startTime="2012-09-22T01:24:31.5883919+02:00" endTime="2012-09-22T01:24:31.5913921+02:00" testType="13cdc9d9-ddb5-4fa4-a97d-d965ccfc6d4b" outcome="Passed" testListId="8c84fa94-04c1-424b-9868-57a2d4851a1d" relativeResultsDirectory="4b7eb4b3-f8a9-4d1c-836a-eadc144b3441">
    </UnitTestResult>
    <UnitTestResult executionId="b6296471-4972-4211-8086-efcb55e2efda" testId="ef72c19a-a2e4-48e1-e8e8-66bae1370d63" testName="ParseANumber" computerName="BLAH-PC" duration="00:00:00.1884171" startTime="2012-09-22T01:24:31.5923921+02:00" endTime="2012-09-22T01:24:31.7834030+02:00" testType="13cdc9d9-ddb5-4fa4-a97d-d965ccfc6d4b" outcome="Passed" testListId="8c84fa94-04c1-424b-9868-57a2d4851a1d" relativeResultsDirectory="b6296471-4972-4211-8086-efcb55e2efda">
    </UnitTestResult>
    <UnitTestResult executionId="a186434f-6e71-4e2c-8ec4-cc187f1286f5" testId="fd8d3d3a-6ad9-bf94-15f4-c9747a377dec" testName="Contact" computerName="BLAH-PC" duration="00:00:00.0018316" startTime="2012-09-22T01:24:31.7864032+02:00" endTime="2012-09-22T01:24:31.7904034+02:00" testType="13cdc9d9-ddb5-4fa4-a97d-d965ccfc6d4b" outcome="Passed" testListId="8c84fa94-04c1-424b-9868-57a2d4851a1d" relativeResultsDirectory="a186434f-6e71-4e2c-8ec4-cc187f1286f5">
    </UnitTestResult>
  </Results>
</TestRun>